// Jest Snapshot v1, https://goo.gl/fbAQLP

exports[`SearchPokemon correctly renders search options and navigates to chosen pokemon 1`] = `
<body>
  <div>
    <div
      aria-owns=":r0:-listbox"
      class="MuiAutocomplete-root Mui-expanded Mui-focused MuiAutocomplete-hasPopupIcon emotion-0"
      data-testid="search-pokemon"
    >
      <div
        class="MuiFormControl-root MuiFormControl-fullWidth MuiTextField-root emotion-1"
      >
        <label
          class="MuiFormLabel-root MuiInputLabel-root MuiInputLabel-formControl MuiInputLabel-animated MuiInputLabel-shrink MuiInputLabel-sizeMedium MuiInputLabel-outlined MuiFormLabel-colorPrimary Mui-focused MuiInputLabel-root MuiInputLabel-formControl MuiInputLabel-animated MuiInputLabel-shrink MuiInputLabel-sizeMedium MuiInputLabel-outlined emotion-2"
          data-shrink="true"
          for=":r0:"
          id=":r0:-label"
        >
          Search Pokemon
        </label>
        <div
          class="MuiInputBase-root MuiOutlinedInput-root MuiInputBase-colorPrimary MuiInputBase-fullWidth Mui-focused MuiInputBase-formControl MuiInputBase-adornedEnd MuiAutocomplete-inputRoot emotion-3"
        >
          <input
            aria-autocomplete="list"
            aria-controls=":r0:-listbox"
            aria-expanded="true"
            aria-invalid="false"
            autocapitalize="none"
            autocomplete="off"
            class="MuiInputBase-input MuiOutlinedInput-input MuiInputBase-inputAdornedEnd MuiAutocomplete-input MuiAutocomplete-inputFocused emotion-4"
            id=":r0:"
            role="combobox"
            spellcheck="false"
            type="text"
            value=""
          />
          <div
            class="MuiAutocomplete-endAdornment emotion-5"
          >
            <button
              aria-label="Close"
              class="MuiButtonBase-root MuiIconButton-root MuiIconButton-sizeMedium MuiAutocomplete-popupIndicator MuiAutocomplete-popupIndicatorOpen emotion-6"
              tabindex="-1"
              title="Close"
              type="button"
            >
              <svg
                aria-hidden="true"
                class="MuiSvgIcon-root MuiSvgIcon-fontSizeMedium emotion-7"
                data-testid="ArrowDropDownIcon"
                focusable="false"
                viewBox="0 0 24 24"
              >
                <path
                  d="M7 10l5 5 5-5z"
                />
              </svg>
              <span
                class="MuiTouchRipple-root emotion-8"
              />
            </button>
          </div>
          <fieldset
            aria-hidden="true"
            class="MuiOutlinedInput-notchedOutline emotion-9"
          >
            <legend
              class="emotion-10"
            >
              <span>
                Search Pokemon
              </span>
            </legend>
          </fieldset>
        </div>
      </div>
    </div>
  </div>
  <div
    class="MuiPopper-root MuiAutocomplete-popper emotion-11"
    data-popper-escaped=""
    data-popper-placement="bottom"
    data-popper-reference-hidden=""
    role="presentation"
    style="position: absolute; top: 0px; left: 0px; width: 0px; margin: 0px; transform: translate(0px, 0px);"
  >
    <div
      class="MuiPaper-root MuiPaper-elevation MuiPaper-rounded MuiPaper-elevation1 MuiAutocomplete-paper emotion-12"
    >
      <ul
        aria-labelledby=":r0:-label"
        class="MuiAutocomplete-listbox emotion-13"
        id=":r0:-listbox"
        role="listbox"
      >
        <li
          aria-disabled="false"
          aria-selected="false"
          class="MuiButtonBase-root MuiListItemButton-root MuiListItemButton-gutters MuiListItemButton-root MuiListItemButton-gutters MuiAutocomplete-option emotion-14"
          data-option-index="0"
          data-testid="pokemon-pokemon-0"
          id=":r0:-option-0"
          role="option"
          tabindex="-1"
        >
          pokemon-0
        </li>
        <li
          aria-disabled="false"
          aria-selected="false"
          class="MuiButtonBase-root MuiListItemButton-root MuiListItemButton-gutters MuiListItemButton-root MuiListItemButton-gutters MuiAutocomplete-option emotion-14"
          data-option-index="1"
          data-testid="pokemon-pokemon-1"
          id=":r0:-option-1"
          role="option"
          tabindex="-1"
        >
          pokemon-1
        </li>
        <li
          aria-disabled="false"
          aria-selected="false"
          class="MuiButtonBase-root MuiListItemButton-root MuiListItemButton-gutters MuiListItemButton-root MuiListItemButton-gutters MuiAutocomplete-option emotion-14"
          data-option-index="2"
          data-testid="pokemon-pokemon-2"
          id=":r0:-option-2"
          role="option"
          tabindex="-1"
        >
          pokemon-2
        </li>
        <li
          aria-disabled="false"
          aria-selected="false"
          class="MuiButtonBase-root MuiListItemButton-root MuiListItemButton-gutters MuiListItemButton-root MuiListItemButton-gutters MuiAutocomplete-option emotion-14"
          data-option-index="3"
          data-testid="pokemon-pokemon-3"
          id=":r0:-option-3"
          role="option"
          tabindex="-1"
        >
          pokemon-3
        </li>
        <li
          aria-disabled="false"
          aria-selected="false"
          class="MuiButtonBase-root MuiListItemButton-root MuiListItemButton-gutters MuiListItemButton-root MuiListItemButton-gutters MuiAutocomplete-option emotion-14"
          data-option-index="4"
          data-testid="pokemon-pokemon-4"
          id=":r0:-option-4"
          role="option"
          tabindex="-1"
        >
          pokemon-4
        </li>
        <li
          aria-disabled="false"
          aria-selected="false"
          class="MuiButtonBase-root MuiListItemButton-root MuiListItemButton-gutters MuiListItemButton-root MuiListItemButton-gutters MuiAutocomplete-option emotion-14"
          data-option-index="5"
          data-testid="pokemon-pokemon-5"
          id=":r0:-option-5"
          role="option"
          tabindex="-1"
        >
          pokemon-5
        </li>
        <li
          aria-disabled="false"
          aria-selected="false"
          class="MuiButtonBase-root MuiListItemButton-root MuiListItemButton-gutters MuiListItemButton-root MuiListItemButton-gutters MuiAutocomplete-option emotion-14"
          data-option-index="6"
          data-testid="pokemon-pokemon-6"
          id=":r0:-option-6"
          role="option"
          tabindex="-1"
        >
          pokemon-6
        </li>
        <li
          aria-disabled="false"
          aria-selected="false"
          class="MuiButtonBase-root MuiListItemButton-root MuiListItemButton-gutters MuiListItemButton-root MuiListItemButton-gutters MuiAutocomplete-option emotion-14"
          data-option-index="7"
          data-testid="pokemon-pokemon-7"
          id=":r0:-option-7"
          role="option"
          tabindex="-1"
        >
          pokemon-7
        </li>
        <li
          aria-disabled="false"
          aria-selected="false"
          class="MuiButtonBase-root MuiListItemButton-root MuiListItemButton-gutters MuiListItemButton-root MuiListItemButton-gutters MuiAutocomplete-option emotion-14"
          data-option-index="8"
          data-testid="pokemon-pokemon-8"
          id=":r0:-option-8"
          role="option"
          tabindex="-1"
        >
          pokemon-8
        </li>
        <li
          aria-disabled="false"
          aria-selected="false"
          class="MuiButtonBase-root MuiListItemButton-root MuiListItemButton-gutters MuiListItemButton-root MuiListItemButton-gutters MuiAutocomplete-option emotion-14"
          data-option-index="9"
          data-testid="pokemon-pokemon-9"
          id=":r0:-option-9"
          role="option"
          tabindex="-1"
        >
          pokemon-9
        </li>
        <li
          aria-disabled="false"
          aria-selected="false"
          class="MuiButtonBase-root MuiListItemButton-root MuiListItemButton-gutters MuiListItemButton-root MuiListItemButton-gutters MuiAutocomplete-option emotion-14"
          data-option-index="10"
          data-testid="pokemon-pokemon-10"
          id=":r0:-option-10"
          role="option"
          tabindex="-1"
        >
          pokemon-10
        </li>
        <li
          aria-disabled="false"
          aria-selected="false"
          class="MuiButtonBase-root MuiListItemButton-root MuiListItemButton-gutters MuiListItemButton-root MuiListItemButton-gutters MuiAutocomplete-option emotion-14"
          data-option-index="11"
          data-testid="pokemon-pokemon-11"
          id=":r0:-option-11"
          role="option"
          tabindex="-1"
        >
          pokemon-11
        </li>
        <li
          aria-disabled="false"
          aria-selected="false"
          class="MuiButtonBase-root MuiListItemButton-root MuiListItemButton-gutters MuiListItemButton-root MuiListItemButton-gutters MuiAutocomplete-option emotion-14"
          data-option-index="12"
          data-testid="pokemon-pokemon-12"
          id=":r0:-option-12"
          role="option"
          tabindex="-1"
        >
          pokemon-12
        </li>
        <li
          aria-disabled="false"
          aria-selected="false"
          class="MuiButtonBase-root MuiListItemButton-root MuiListItemButton-gutters MuiListItemButton-root MuiListItemButton-gutters MuiAutocomplete-option emotion-14"
          data-option-index="13"
          data-testid="pokemon-pokemon-13"
          id=":r0:-option-13"
          role="option"
          tabindex="-1"
        >
          pokemon-13
        </li>
        <li
          aria-disabled="false"
          aria-selected="false"
          class="MuiButtonBase-root MuiListItemButton-root MuiListItemButton-gutters MuiListItemButton-root MuiListItemButton-gutters MuiAutocomplete-option emotion-14"
          data-option-index="14"
          data-testid="pokemon-pokemon-14"
          id=":r0:-option-14"
          role="option"
          tabindex="-1"
        >
          pokemon-14
        </li>
        <li
          aria-disabled="false"
          aria-selected="false"
          class="MuiButtonBase-root MuiListItemButton-root MuiListItemButton-gutters MuiListItemButton-root MuiListItemButton-gutters MuiAutocomplete-option emotion-14"
          data-option-index="15"
          data-testid="pokemon-pokemon-15"
          id=":r0:-option-15"
          role="option"
          tabindex="-1"
        >
          pokemon-15
        </li>
        <li
          aria-disabled="false"
          aria-selected="false"
          class="MuiButtonBase-root MuiListItemButton-root MuiListItemButton-gutters MuiListItemButton-root MuiListItemButton-gutters MuiAutocomplete-option emotion-14"
          data-option-index="16"
          data-testid="pokemon-pokemon-16"
          id=":r0:-option-16"
          role="option"
          tabindex="-1"
        >
          pokemon-16
        </li>
        <li
          aria-disabled="false"
          aria-selected="false"
          class="MuiButtonBase-root MuiListItemButton-root MuiListItemButton-gutters MuiListItemButton-root MuiListItemButton-gutters MuiAutocomplete-option emotion-14"
          data-option-index="17"
          data-testid="pokemon-pokemon-17"
          id=":r0:-option-17"
          role="option"
          tabindex="-1"
        >
          pokemon-17
        </li>
        <li
          aria-disabled="false"
          aria-selected="false"
          class="MuiButtonBase-root MuiListItemButton-root MuiListItemButton-gutters MuiListItemButton-root MuiListItemButton-gutters MuiAutocomplete-option emotion-14"
          data-option-index="18"
          data-testid="pokemon-pokemon-18"
          id=":r0:-option-18"
          role="option"
          tabindex="-1"
        >
          pokemon-18
        </li>
        <li
          aria-disabled="false"
          aria-selected="false"
          class="MuiButtonBase-root MuiListItemButton-root MuiListItemButton-gutters MuiListItemButton-root MuiListItemButton-gutters MuiAutocomplete-option emotion-14"
          data-option-index="19"
          data-testid="pokemon-pokemon-19"
          id=":r0:-option-19"
          role="option"
          tabindex="-1"
        >
          pokemon-19
        </li>
      </ul>
    </div>
  </div>
</body>
`;
